// Jest Snapshot v1, https://goo.gl/fbAQLP

exports[`matches snapshot 1`] = `
<div>
  <a
    class="CompanyCard card"
    href="companies/APP"
  >
    <div
      class="Company Card card-body"
    >
      <div
        class="CompanyCard card-title"
      >
        <h6
          class="CompanyCard-company"
        >
          Apple
        </h6>
        <img
          alt="Apple"
          class="CompanyCard-img float-end ms-5"
          src="logos/logo1.png"
        />
      </div>
      <small
        class="CompanyCard-description float-start"
      >
        Company with computers
      </small>
    </div>
  </a>
</div>
`;
